main.c:50:8:calculate_discrete_pid	64	static
main.c:148:6:HAL_TIM_PeriodElapsedCallback	16	static
main.c:166:5:main	304	static
main.c:259:6:SystemClock_Config	88	static
main.c:306:13:MX_I2C1_Init	8	static
main.c:352:13:MX_I2C4_Init	8	static
main.c:398:13:MX_TIM1_Init	56	static
main.c:449:13:MX_TIM3_Init	48	static
main.c:498:13:MX_TIM7_Init	24	static
main.c:536:13:MX_USART3_UART_Init	8	static
main.c:571:13:MX_USB_OTG_FS_PCD_Init	8	static
main.c:606:13:MX_GPIO_Init	56	static
main.c:693:6:Error_Handler	4	static,ignoring_inline_asm
